MPLINK 5.09, LINKER
Linker Map File - Created Sun Oct 24 17:11:41 2021

                                 Section Info
                  Section       Type    Address   Location Size(Bytes)
                ---------  ---------  ---------  ---------  ---------
                   .org_0       code   0x000000    program   0x00007a
                   .cinit    romdata   0x00003d    program   0x000004
.config_2007_BUILD/DEFAULT/PRODUCTION/MAIN.O       code   0x002007    program   0x000002



                              Program Memory Usage 
                               Start         End      
                           ---------   ---------      
                            0x000000    0x00003e      
                            0x002007    0x002007      
            64 out of 1094 program addresses used, program memory utilization is 5%



                              Symbols - Sorted by Name
                     Name    Address   Location    Storage File                     
                ---------  ---------  ---------  --------- ---------                
                    delay   0x000038    program     static C:\Microprocessor Lab\Lab 2\Lab2-2_Unana.X\main.asm
                     loop   0x000038    program     static C:\Microprocessor Lab\Lab 2\Lab2-2_Unana.X\main.asm
                    loop1   0x00000a    program     static C:\Microprocessor Lab\Lab 2\Lab2-2_Unana.X\main.asm
                    loop2   0x000016    program     static C:\Microprocessor Lab\Lab 2\Lab2-2_Unana.X\main.asm
                    loop3   0x000023    program     static C:\Microprocessor Lab\Lab 2\Lab2-2_Unana.X\main.asm
                    loop4   0x00002f    program     static C:\Microprocessor Lab\Lab 2\Lab2-2_Unana.X\main.asm
                 pattern1   0x000007    program     static C:\Microprocessor Lab\Lab 2\Lab2-2_Unana.X\main.asm
                 pattern2   0x000013    program     static C:\Microprocessor Lab\Lab 2\Lab2-2_Unana.X\main.asm
                 pattern3   0x000020    program     static C:\Microprocessor Lab\Lab 2\Lab2-2_Unana.X\main.asm
                 pattern4   0x00002c    program     static C:\Microprocessor Lab\Lab 2\Lab2-2_Unana.X\main.asm
                    start   0x000000    program     static C:\Microprocessor Lab\Lab 2\Lab2-2_Unana.X\main.asm



                              Symbols - Sorted by Address
                     Name    Address   Location    Storage File                     
                ---------  ---------  ---------  --------- ---------                
                    start   0x000000    program     static C:\Microprocessor Lab\Lab 2\Lab2-2_Unana.X\main.asm
                 pattern1   0x000007    program     static C:\Microprocessor Lab\Lab 2\Lab2-2_Unana.X\main.asm
                    loop1   0x00000a    program     static C:\Microprocessor Lab\Lab 2\Lab2-2_Unana.X\main.asm
                 pattern2   0x000013    program     static C:\Microprocessor Lab\Lab 2\Lab2-2_Unana.X\main.asm
                    loop2   0x000016    program     static C:\Microprocessor Lab\Lab 2\Lab2-2_Unana.X\main.asm
                 pattern3   0x000020    program     static C:\Microprocessor Lab\Lab 2\Lab2-2_Unana.X\main.asm
                    loop3   0x000023    program     static C:\Microprocessor Lab\Lab 2\Lab2-2_Unana.X\main.asm
                 pattern4   0x00002c    program     static C:\Microprocessor Lab\Lab 2\Lab2-2_Unana.X\main.asm
                    loop4   0x00002f    program     static C:\Microprocessor Lab\Lab 2\Lab2-2_Unana.X\main.asm
                    delay   0x000038    program     static C:\Microprocessor Lab\Lab 2\Lab2-2_Unana.X\main.asm
                     loop   0x000038    program     static C:\Microprocessor Lab\Lab 2\Lab2-2_Unana.X\main.asm


