MPLINK 5.09, LINKER
Linker Map File - Created Fri Sep 10 02:45:09 2021

                                 Section Info
                  Section       Type    Address   Location Size(Bytes)
                ---------  ---------  ---------  ---------  ---------
                   .org_0       code   0x000000    program   0x000000
                   .org_1       code   0x000000    program   0x000026
      .config_2007_MAIN.O       code   0x002007    program   0x000002



                              Program Memory Usage 
                               Start         End      
                           ---------   ---------      
                            0x000000    0x000012      
                            0x002007    0x002007      
            20 out of 1094 program addresses used, program memory utilization is 1%



                              Symbols - Sorted by Name
                     Name    Address   Location    Storage File                     
                ---------  ---------  ---------  --------- ---------                
                    loop1   0x000007    program     static C:\Microprocessor Lab\Lab1-1_Unana.X\main.asm
                    loop2   0x00000e    program     static C:\Microprocessor Lab\Lab1-1_Unana.X\main.asm
                main_loop   0x000004    program     static C:\Microprocessor Lab\Lab1-1_Unana.X\main.asm
                    start   0x000000    program     static C:\Microprocessor Lab\Lab1-1_Unana.X\main.asm



                              Symbols - Sorted by Address
                     Name    Address   Location    Storage File                     
                ---------  ---------  ---------  --------- ---------                
                    start   0x000000    program     static C:\Microprocessor Lab\Lab1-1_Unana.X\main.asm
                main_loop   0x000004    program     static C:\Microprocessor Lab\Lab1-1_Unana.X\main.asm
                    loop1   0x000007    program     static C:\Microprocessor Lab\Lab1-1_Unana.X\main.asm
                    loop2   0x00000e    program     static C:\Microprocessor Lab\Lab1-1_Unana.X\main.asm


