MPLINK 5.09, LINKER
Linker Map File - Created Sat Oct 23 18:02:54 2021

                                 Section Info
                  Section       Type    Address   Location Size(Bytes)
                ---------  ---------  ---------  ---------  ---------
                   .org_0       code   0x000000    program   0x000000
                   .org_1       code   0x000000    program   0x00002c
      .config_2007_MAIN.O       code   0x002007    program   0x000002



                              Program Memory Usage 
                               Start         End      
                           ---------   ---------      
                            0x000000    0x000015      
                            0x002007    0x002007      
            23 out of 1094 program addresses used, program memory utilization is 2%



                              Symbols - Sorted by Name
                     Name    Address   Location    Storage File                     
                ---------  ---------  ---------  --------- ---------                
                    delay   0x000011    program     static C:\Microprocessor Lab\Lab 2\Lab2-1_Unana.X\main.asm
                     loop   0x000011    program     static C:\Microprocessor Lab\Lab 2\Lab2-1_Unana.X\main.asm
                main_loop   0x000007    program     static C:\Microprocessor Lab\Lab 2\Lab2-1_Unana.X\main.asm
                    start   0x000000    program     static C:\Microprocessor Lab\Lab 2\Lab2-1_Unana.X\main.asm



                              Symbols - Sorted by Address
                     Name    Address   Location    Storage File                     
                ---------  ---------  ---------  --------- ---------                
                    start   0x000000    program     static C:\Microprocessor Lab\Lab 2\Lab2-1_Unana.X\main.asm
                main_loop   0x000007    program     static C:\Microprocessor Lab\Lab 2\Lab2-1_Unana.X\main.asm
                    delay   0x000011    program     static C:\Microprocessor Lab\Lab 2\Lab2-1_Unana.X\main.asm
                     loop   0x000011    program     static C:\Microprocessor Lab\Lab 2\Lab2-1_Unana.X\main.asm


